<!DOCTYPE html>
<html lang="en">
  <head>
    <meta charset="UTF-8" />
    <link rel="icon" href="/favicon.ico" />
    <meta name="viewport" content="width=device-width, initial-scale=1.0" />
    <title>Vite App</title>
    <script type="module" crossorigin src="/assets/index.f96899f4.js"></script>
    <link rel="modulepreload" href="/assets/vendor.d0fc20d1.js">
    <link rel="stylesheet" href="/assets/index.b8f16c63.css">
  </head>
  <body>
    <div id="app"></div>
    
  </body>
</html>
