<!DOCTYPE html>
<html lang="en">
  <head>
    <meta charset="UTF-8" />
    <link rel="icon" href="/favicon.ico" />
    <meta name="viewport" content="width=device-width, initial-scale=1.0" />
    <title>Vite App</title>
  <script type="module" crossorigin src="/assets/index.0de8b66f.js"></script>
  <link rel="modulepreload" href="/assets/vendor.8dce5b4e.js">
  <link rel="stylesheet" href="/assets/index.b8f16c63.css">
</head>
  <body>
    <div id="app"></div>
    
  </body>
</html>
